Release 14.3 - xst P.40xd (nt64)
Copyright (c) 1995-2012 Xilinx, Inc.  All rights reserved.
--> Parameter TMPDIR set to xst/projnav.tmp


Total REAL time to Xst completion: 0.00 secs
Total CPU time to Xst completion: 0.10 secs
 
--> Parameter xsthdpdir set to xst


Total REAL time to Xst completion: 0.00 secs
Total CPU time to Xst completion: 0.11 secs
 
--> Reading design: StallControl.prj

TABLE OF CONTENTS
  1) Synthesis Options Summary
  2) HDL Parsing
  3) HDL Elaboration
  4) HDL Synthesis
       4.1) HDL Synthesis Report
  5) Advanced HDL Synthesis
       5.1) Advanced HDL Synthesis Report
  6) Low Level Synthesis
  7) Partition Report
  8) Design Summary
       8.1) Primitive and Black Box Usage
       8.2) Device utilization summary
       8.3) Partition Resource Summary
       8.4) Timing Report
            8.4.1) Clock Information
            8.4.2) Asynchronous Control Signals Information
            8.4.3) Timing Summary
            8.4.4) Timing Details
            8.4.5) Cross Clock Domains Report


=========================================================================
*                      Synthesis Options Summary                        *
=========================================================================
---- Source Parameters
Input File Name                    : "StallControl.prj"
Ignore Synthesis Constraint File   : NO

---- Target Parameters
Output File Name                   : "StallControl"
Output Format                      : NGC
Target Device                      : xc7vx485t-2-ffg1761

---- Source Options
Top Module Name                    : StallControl
Automatic FSM Extraction           : YES
FSM Encoding Algorithm             : Auto
Safe Implementation                : No
FSM Style                          : LUT
RAM Extraction                     : Yes
RAM Style                          : Auto
ROM Extraction                     : Yes
Shift Register Extraction          : YES
ROM Style                          : Auto
Resource Sharing                   : YES
Asynchronous To Synchronous        : NO
Shift Register Minimum Size        : 2
Use DSP Block                      : Auto
Automatic Register Balancing       : No

---- Target Options
LUT Combining                      : Auto
Reduce Control Sets                : Auto
Add IO Buffers                     : YES
Global Maximum Fanout              : 100000
Add Generic Clock Buffer(BUFG)     : 32
Register Duplication               : YES
Optimize Instantiated Primitives   : NO
Use Clock Enable                   : Auto
Use Synchronous Set                : Auto
Use Synchronous Reset              : Auto
Pack IO Registers into IOBs        : Auto
Equivalent register Removal        : YES

---- General Options
Optimization Goal                  : Speed
Optimization Effort                : 1
Power Reduction                    : NO
Keep Hierarchy                     : No
Netlist Hierarchy                  : As_Optimized
RTL Output                         : Yes
Global Optimization                : AllClockNets
Read Cores                         : YES
Write Timing Constraints           : NO
Cross Clock Analysis               : NO
Hierarchy Separator                : /
Bus Delimiter                      : <>
Case Specifier                     : Maintain
Slice Utilization Ratio            : 100
BRAM Utilization Ratio             : 100
DSP48 Utilization Ratio            : 100
Auto BRAM Packing                  : NO
Slice Utilization Ratio Delta      : 5

---- Other Options
Cores Search Directories           : {"ipcore_dir"  }

=========================================================================


=========================================================================
*                          HDL Parsing                                  *
=========================================================================
Analyzing Verilog file "D:\ISE\FastLanes2.61\stall_control.v" into library work
Parsing verilog file "GPGPUParam.v" included at line 2.
Parsing verilog file "MemoryParam.v" included at line 3.
Parsing module <StallControl>.
Analyzing Verilog file "D:\ISE\FastLanes2.61\ipcore_dir\IPCore_DisRAM_ROM_synth.v" into library work
Parsing module <IPCore_DisRAM_ROM2>.
Analyzing Verilog file "D:\ISE\FastLanes2.61\ipcore_dir\IPCore_DisRAM_OC_synth.v" into library work
Parsing module <IPCore_DisRAM_OC>.
Analyzing Verilog file "D:\ISE\FastLanes2.61\ipcore_dir\IPCore_DisRAM_OC2_synth.v" into library work
Parsing module <IPCore_DisRAM_OC22>.

=========================================================================
*                            HDL Elaboration                            *
=========================================================================

Elaborating module <StallControl>.

=========================================================================
*                           HDL Synthesis                               *
=========================================================================

Synthesizing Unit <StallControl>.
    Related source file is "D:\ISE\FastLanes2.61\stall_control.v".
    Found 1-bit register for signal <WorkCondition>.
    Found 1-bit register for signal <DDR3_rdy_pre>.
    Found 1-bit register for signal <DDR3_w_rdy_pre>.
    Found 1-bit register for signal <DDR3_n_rdy>.
    Summary:
	inferred   4 D-type flip-flop(s).
	inferred   1 Multiplexer(s).
Unit <StallControl> synthesized.

=========================================================================
HDL Synthesis Report

Macro Statistics
# Registers                                            : 4
 1-bit register                                        : 4
# Multiplexers                                         : 1
 1-bit 2-to-1 multiplexer                              : 1

=========================================================================

=========================================================================
*                       Advanced HDL Synthesis                          *
=========================================================================


=========================================================================
Advanced HDL Synthesis Report

Macro Statistics
# Registers                                            : 4
 Flip-Flops                                            : 4

=========================================================================

=========================================================================
*                         Low Level Synthesis                           *
=========================================================================

Optimizing unit <StallControl> ...
INFO:Xst:2261 - The FF/Latch <WorkCondition> in Unit <StallControl> is equivalent to the following FF/Latch, which will be removed : <DDR3_n_rdy> 

Mapping all equations...
Building and optimizing final netlist ...
Found area constraint ratio of 100 (+ 5) on block StallControl, actual ratio is 0.

Final Macro Processing ...

=========================================================================
Final Register Report

Macro Statistics
# Registers                                            : 3
 Flip-Flops                                            : 3

=========================================================================

=========================================================================
*                           Partition Report                            *
=========================================================================

Partition Implementation Status
-------------------------------

  No Partitions were found in this design.

-------------------------------

=========================================================================
*                            Design Summary                             *
=========================================================================

Top Level Output File Name         : StallControl.ngc

Primitive and Black Box Usage:
------------------------------
# BELS                             : 3
#      LUT2                        : 1
#      LUT4                        : 1
#      LUT5                        : 1
# FlipFlops/Latches                : 3
#      FDE                         : 2
#      FDR                         : 1
# Clock Buffers                    : 1
#      BUFGP                       : 1
# IO Buffers                       : 7
#      IBUF                        : 6
#      OBUF                        : 1

Device utilization summary:
---------------------------

Selected Device : 7vx485tffg1761-2 


Slice Logic Utilization: 
 Number of Slice Registers:               3  out of  607200     0%  
 Number of Slice LUTs:                    3  out of  303600     0%  
    Number used as Logic:                 3  out of  303600     0%  

Slice Logic Distribution: 
 Number of LUT Flip Flop pairs used:      6
   Number with an unused Flip Flop:       3  out of      6    50%  
   Number with an unused LUT:             3  out of      6    50%  
   Number of fully used LUT-FF pairs:     0  out of      6     0%  
   Number of unique control sets:         2

IO Utilization: 
 Number of IOs:                           8
 Number of bonded IOBs:                   8  out of    700     1%  

Specific Feature Utilization:
 Number of BUFG/BUFGCTRLs:                1  out of     32     3%  

---------------------------
Partition Resource Summary:
---------------------------

  No Partitions were found in this design.

---------------------------


=========================================================================
Timing Report

NOTE: THESE TIMING NUMBERS ARE ONLY A SYNTHESIS ESTIMATE.
      FOR ACCURATE TIMING INFORMATION PLEASE REFER TO THE TRACE REPORT
      GENERATED AFTER PLACE-and-ROUTE.

Clock Information:
------------------
-----------------------------------+------------------------+-------+
Clock Signal                       | Clock buffer(FF name)  | Load  |
-----------------------------------+------------------------+-------+
clk                                | BUFGP                  | 3     |
-----------------------------------+------------------------+-------+

Asynchronous Control Signals Information:
----------------------------------------
No asynchronous control signals found in this design

Timing Summary:
---------------
Speed Grade: -2

   Minimum period: 1.077ns (Maximum Frequency: 928.247MHz)
   Minimum input arrival time before clock: 0.963ns
   Maximum output required time after clock: 0.580ns
   Maximum combinational path delay: No path found

Timing Details:
---------------
All values displayed in nanoseconds (ns)

=========================================================================
Timing constraint: Default period analysis for Clock 'clk'
  Clock period: 1.077ns (frequency: 928.247MHz)
  Total number of paths / destination ports: 3 / 1
-------------------------------------------------------------------------
Delay:               1.077ns (Levels of Logic = 2)
  Source:            DDR3_w_rdy_pre (FF)
  Destination:       WorkCondition (FF)
  Source Clock:      clk rising
  Destination Clock: clk rising

  Data Path: DDR3_w_rdy_pre to WorkCondition
                                Gate     Net
    Cell:in->out      fanout   Delay   Delay  Logical Name (Net Name)
    ----------------------------------------  ------------
     FDE:C->Q              1   0.236   0.405  DDR3_w_rdy_pre (DDR3_w_rdy_pre)
     LUT4:I2->O            1   0.043   0.350  WorkCondition_glue_set_SW0 (N4)
     LUT5:I4->O            1   0.043   0.000  WorkCondition_glue_set (WorkCondition_glue_set)
     FDR:D                    -0.000          WorkCondition
    ----------------------------------------
    Total                      1.077ns (0.322ns logic, 0.755ns route)
                                       (29.9% logic, 70.1% route)

=========================================================================
Timing constraint: Default OFFSET IN BEFORE for Clock 'clk'
  Total number of paths / destination ports: 12 / 6
-------------------------------------------------------------------------
Offset:              0.963ns (Levels of Logic = 3)
  Source:            DDR3_rdy (PAD)
  Destination:       WorkCondition (FF)
  Destination Clock: clk rising

  Data Path: DDR3_rdy to WorkCondition
                                Gate     Net
    Cell:in->out      fanout   Delay   Delay  Logical Name (Net Name)
    ----------------------------------------  ------------
     IBUF:I->O             2   0.000   0.527  DDR3_rdy_IBUF (DDR3_rdy_IBUF)
     LUT4:I0->O            1   0.043   0.350  WorkCondition_glue_set_SW0 (N4)
     LUT5:I4->O            1   0.043   0.000  WorkCondition_glue_set (WorkCondition_glue_set)
     FDR:D                    -0.000          WorkCondition
    ----------------------------------------
    Total                      0.963ns (0.086ns logic, 0.877ns route)
                                       (8.9% logic, 91.1% route)

=========================================================================
Timing constraint: Default OFFSET OUT AFTER for Clock 'clk'
  Total number of paths / destination ports: 1 / 1
-------------------------------------------------------------------------
Offset:              0.580ns (Levels of Logic = 1)
  Source:            WorkCondition (FF)
  Destination:       DDR3_n_rdy (PAD)
  Source Clock:      clk rising

  Data Path: WorkCondition to DDR3_n_rdy
                                Gate     Net
    Cell:in->out      fanout   Delay   Delay  Logical Name (Net Name)
    ----------------------------------------  ------------
     FDR:C->Q              2   0.236   0.344  WorkCondition (WorkCondition)
     OBUF:I->O                 0.000          DDR3_n_rdy_OBUF (DDR3_n_rdy)
    ----------------------------------------
    Total                      0.580ns (0.236ns logic, 0.344ns route)
                                       (40.7% logic, 59.3% route)

=========================================================================

Cross Clock Domains Report:
--------------------------

Clock to Setup on destination clock clk
---------------+---------+---------+---------+---------+
               | Src:Rise| Src:Fall| Src:Rise| Src:Fall|
Source Clock   |Dest:Rise|Dest:Rise|Dest:Fall|Dest:Fall|
---------------+---------+---------+---------+---------+
clk            |    1.077|         |         |         |
---------------+---------+---------+---------+---------+

=========================================================================


Total REAL time to Xst completion: 7.00 secs
Total CPU time to Xst completion: 7.39 secs
 
--> 

Total memory usage is 443844 kilobytes

Number of errors   :    0 (   0 filtered)
Number of warnings :    0 (   0 filtered)
Number of infos    :    1 (   0 filtered)

